Carregando dados (grid reduzido em 1/3 x 1/3)...
n_time=695  n_grid=8787 (reduzido)  linhas totais=6,106,965
Processando t2...
Processando cloud_cover...
Processando shum_850...
Processando surface_pressure...
Processando u_850...
Processando v_850...
Processando temperature_850...
Processando rel_hum_850...
Processando geopotential_850...
df pronto: (6106965, 24)

=== Fold 1/3: valida 2008-01 a 2012-12 (treina com 200 meses) ===
C:\Users\China Link\AppData\Local\Programs\Python\Python312\Lib\site-packages\lightgbm\sklearn.py:1106: LGBMDeprecationWarning: The argument 'eval_set' is deprecated, use 'eval_X' and 'eval_y' instead.
  eval_set = _validate_eval_set_Xy(eval_set=eval_set, eval_X=eval_X, eval_y=eval_y)
[LightGBM] [Info] Auto-choosing row-wise multi-threading, the overhead of testing was 0.022525 seconds.
You can set `force_row_wise=true` to remove the overhead.
And if memory is not enough, you can set `force_col_wise=true`.
[LightGBM] [Info] Total Bins 2495
[LightGBM] [Info] Number of data points in the train set: 1757400, number of used features: 22
[LightGBM] [Info] Start training from score -0.001816
Training until validation scores don't improve for 50 rounds
Early stopping, best iteration is:
[105]	valid_0's rmse: 1.76719	valid_0's l2: 3.12298
  lightgbm       RMSE = 1.7672  (best_iter=105)
  xgboost        RMSE = 1.7672  (best_iter=118)
  random_forest  RMSE = 1.7681  (best_iter=200)

=== Fold 2/3: valida 2013-01 a 2017-12 (treina com 200 meses) ===
C:\Users\China Link\AppData\Local\Programs\Python\Python312\Lib\site-packages\lightgbm\sklearn.py:1106: LGBMDeprecationWarning: The argument 'eval_set' is deprecated, use 'eval_X' and 'eval_y' instead.
  eval_set = _validate_eval_set_Xy(eval_set=eval_set, eval_X=eval_X, eval_y=eval_y)
[LightGBM] [Info] Auto-choosing row-wise multi-threading, the overhead of testing was 0.034574 seconds.
You can set `force_row_wise=true` to remove the overhead.
And if memory is not enough, you can set `force_col_wise=true`.
[LightGBM] [Info] Total Bins 2498
[LightGBM] [Info] Number of data points in the train set: 1757400, number of used features: 22
[LightGBM] [Info] Start training from score 0.060803
Training until validation scores don't improve for 50 rounds
Early stopping, best iteration is:
[80]	valid_0's rmse: 1.70192	valid_0's l2: 2.89654
  lightgbm       RMSE = 1.7019  (best_iter=80)
  xgboost        RMSE = 1.6971  (best_iter=147)
  random_forest  RMSE = 1.7049  (best_iter=200)

=== Fold 3/3: valida 2018-01 a 2022-12 (treina com 200 meses) ===
C:\Users\China Link\AppData\Local\Programs\Python\Python312\Lib\site-packages\lightgbm\sklearn.py:1106: LGBMDeprecationWarning: The argument 'eval_set' is deprecated, use 'eval_X' and 'eval_y' instead.
  eval_set = _validate_eval_set_Xy(eval_set=eval_set, eval_X=eval_X, eval_y=eval_y)
[LightGBM] [Info] Auto-choosing row-wise multi-threading, the overhead of testing was 0.027397 seconds.
You can set `force_row_wise=true` to remove the overhead.
And if memory is not enough, you can set `force_col_wise=true`.
[LightGBM] [Info] Total Bins 2498
[LightGBM] [Info] Number of data points in the train set: 1757400, number of used features: 22
[LightGBM] [Info] Start training from score 0.043300
Training until validation scores don't improve for 50 rounds
Early stopping, best iteration is:
[92]	valid_0's rmse: 1.79134	valid_0's l2: 3.20892
  lightgbm       RMSE = 1.7913  (best_iter=92)
  xgboost        RMSE = 1.7923  (best_iter=125)
  random_forest  RMSE = 1.7961  (best_iter=200)

=== Resumo (média simples dos folds) ===
lightgbm      : 1.7535  (por fold: [np.float64(1.7672), np.float64(1.7019), np.float64(1.7913)])
xgboost       : 1.7522  (por fold: [np.float32(1.7672), np.float32(1.6971), np.float32(1.7923)])
random_forest : 1.7564  (por fold: [np.float64(1.7681), np.float64(1.7049), np.float64(1.7961)])

=== RMSE agregado (out-of-fold pooling) ===
lightgbm      : 1.7539
xgboost       : 1.7527
random_forest : 1.7568

>>> Melhor tipo de modelo (local, grid reduzido): xgboost <<<

GridSearchCV (xgboost): 12 combinações x 3 folds = 36 treinos -- sem pressa.
Fitting 3 folds for each of 12 candidates, totalling 36 fits
[CV] END learning_rate=0.02, max_depth=6, min_child_weight=20; total time=  32.2s
[CV] END learning_rate=0.02, max_depth=6, min_child_weight=20; total time=  34.0s
[CV] END learning_rate=0.02, max_depth=6, min_child_weight=20; total time=  36.2s
[CV] END learning_rate=0.02, max_depth=6, min_child_weight=100; total time=  29.2s
[CV] END learning_rate=0.02, max_depth=6, min_child_weight=100; total time=  28.7s
[CV] END learning_rate=0.02, max_depth=6, min_child_weight=100; total time=  30.6s
[CV] END learning_rate=0.02, max_depth=8, min_child_weight=20; total time=  30.7s
[CV] END learning_rate=0.02, max_depth=8, min_child_weight=20; total time=  39.3s
[CV] END learning_rate=0.02, max_depth=8, min_child_weight=20; total time=  50.7s
[CV] END learning_rate=0.02, max_depth=8, min_child_weight=100; total time=  39.7s
[CV] END learning_rate=0.02, max_depth=8, min_child_weight=100; total time=  34.5s
[CV] END learning_rate=0.02, max_depth=8, min_child_weight=100; total time=  39.8s
[CV] END learning_rate=0.02, max_depth=10, min_child_weight=20; total time=  43.7s
[CV] END learning_rate=0.02, max_depth=10, min_child_weight=20; total time=  47.1s
[CV] END learning_rate=0.02, max_depth=10, min_child_weight=20; total time=  48.5s
[CV] END learning_rate=0.02, max_depth=10, min_child_weight=100; total time=  34.5s
[CV] END learning_rate=0.02, max_depth=10, min_child_weight=100; total time=  43.8s
[CV] END learning_rate=0.02, max_depth=10, min_child_weight=100; total time=  46.3s
[CV] END learning_rate=0.05, max_depth=6, min_child_weight=20; total time=  24.5s
[CV] END learning_rate=0.05, max_depth=6, min_child_weight=20; total time=  29.6s
[CV] END learning_rate=0.05, max_depth=6, min_child_weight=20; total time=  31.5s
[CV] END learning_rate=0.05, max_depth=6, min_child_weight=100; total time=  21.6s
[CV] END learning_rate=0.05, max_depth=6, min_child_weight=100; total time=  23.9s
[CV] END learning_rate=0.05, max_depth=6, min_child_weight=100; total time=  27.5s
[CV] END learning_rate=0.05, max_depth=8, min_child_weight=20; total time=  25.3s
[CV] END learning_rate=0.05, max_depth=8, min_child_weight=20; total time=  28.1s
[CV] END learning_rate=0.05, max_depth=8, min_child_weight=20; total time=  31.2s
[CV] END learning_rate=0.05, max_depth=8, min_child_weight=100; total time=  25.1s
[CV] END learning_rate=0.05, max_depth=8, min_child_weight=100; total time=  27.5s
[CV] END learning_rate=0.05, max_depth=8, min_child_weight=100; total time=  31.2s
[CV] END learning_rate=0.05, max_depth=10, min_child_weight=20; total time=  29.0s
[CV] END learning_rate=0.05, max_depth=10, min_child_weight=20; total time=  32.7s
[CV] END learning_rate=0.05, max_depth=10, min_child_weight=20; total time=  34.9s
[CV] END learning_rate=0.05, max_depth=10, min_child_weight=100; total time=  28.2s
[CV] END learning_rate=0.05, max_depth=10, min_child_weight=100; total time=  32.1s
[CV] END learning_rate=0.05, max_depth=10, min_child_weight=100; total time=  36.4s

Melhores hiperparâmetros (GridSearchCV, local/grid reduzido): {'learning_rate': 0.05, 'max_depth': 6, 'min_child_weight': 20}
Melhor RMSE (resíduo, CV interno do GridSearchCV): 1.7519

=== FIM ===
